

================================================================
== Synthesis Summary Report of 'Filter_HW_stream'
================================================================
+ General Information: 
    * Date:           Sun Oct 30 18:48:44 2022
    * Version:        2020.2 (Build 3064766 on Wed Nov 18 09:12:47 MST 2020)
    * Project:        HW7
    * Solution:       solution1 (Vitis Kernel Flow Target)
    * Product family: zynquplus
    * Target device:  xczu3eg-sbva484-1-i
    

+ Performance & Resource Estimates: 
    
    PS: '+' for module; 'o' for loop; '*' for dataflow
    +----------------------------------------------+------+-------+---------+-----------+----------+---------+--------+----------+----------+---------+------------+-----------+-----+
    |                    Modules                   | Issue|       | Latency |  Latency  | Iteration|         |  Trip  |          |          |         |            |           |     |
    |                    & Loops                   | Type | Slack | (cycles)|    (ns)   |  Latency | Interval|  Count | Pipelined|   BRAM   |   DSP   |     FF     |    LUT    | URAM|
    +----------------------------------------------+------+-------+---------+-----------+----------+---------+--------+----------+----------+---------+------------+-----------+-----+
    |+ Filter_HW_stream*                           |     -|   0.00|   131025|  8.739e+05|         -|   130952|       -|  dataflow|  44 (10%)|  2 (~0%)|   5130 (3%)|  5384 (7%)|    -|
    | + grp_load3_fu_118                           |     -|   0.00|   129673|  8.649e+05|         -|   129673|       -|        no|         -|        -|  1173 (~0%)|  575 (~0%)|    -|
    |  o VITIS_LOOP_302_1                          |     -|  -4.87|   129601|  8.644e+05|         3|        1|  129600|       yes|         -|        -|           -|          -|    -|
    | + grp_compute_fu_129*                        |     -|  -0.81|   130951|  8.734e+05|         -|   130952|       -|  dataflow|    6 (1%)|  2 (~0%)|   727 (~0%)|  1103 (1%)|    -|
    |  + grp_Filter_vertical_HW_stream_fu_32       |     -|  -0.87|   127985|  8.537e+05|         -|   127985|       -|        no|    6 (1%)|  1 (~0%)|   327 (~0%)|  533 (~0%)|    -|
    |   o VITIS_LOOP_232_1_VITIS_LOOP_234_2        |     -|  -4.87|   127983|  8.536e+05|         5|        1|  127980|       yes|         -|        -|           -|          -|    -|
    |  + grp_Filter_horizontal_HW_stream_fu_40     |     -|  -0.81|   130951|  8.734e+05|         -|   130951|       -|        no|         -|  1 (~0%)|   301 (~0%)|  501 (~0%)|    -|
    |   o VITIS_LOOP_155_1                         |     -|  -4.87|   130950|  8.734e+05|       485|        -|     270|        no|         -|        -|           -|          -|    -|
    |    o VITIS_LOOP_162_3                        |     -|  -4.87|      477|  3.182e+03|         5|        1|     474|       yes|         -|        -|           -|          -|    -|
    | + grp_store_fu_139                           |     -|   0.00|   125207|  8.351e+05|         -|   125207|       -|        no|         -|        -|   524 (~0%)|  642 (~0%)|    -|
    |  o VITIS_LOOP_314_1                          |     -|  -4.87|   125137|  8.347e+05|         3|        1|  125136|       yes|         -|        -|           -|          -|    -|
    | + call_ln318_Filter_HW_stream_entry3_fu_148  |     -|  -2.70|        0|      0.000|         -|        0|       -|        no|         -|        -|     2 (~0%)|   29 (~0%)|    -|
    +----------------------------------------------+------+-------+---------+-----------+----------+---------+--------+----------+----------+---------+------------+-----------+-----+

