

================================================================
== Synthesis Summary Report of 'encoding'
================================================================
+ General Information: 
    * Date:           Wed Dec  7 20:43:18 2022
    * Version:        2020.2 (Build 3064766 on Wed Nov 18 09:12:47 MST 2020)
    * Project:        lzw_final
    * Solution:       solution1 (Vitis Kernel Flow Target)
    * Product family: zynquplus
    * Target device:  xczu3eg-sbva484-1-i
    

+ Performance & Resource Estimates: 
    
    PS: '+' for module; 'o' for loop; '*' for dataflow
    +-----------------------------+------+-------+---------+-----------+----------+---------+-------+----------+-----------+----+-----------+-------------+-----+
    |           Modules           | Issue|       | Latency |  Latency  | Iteration|         |  Trip |          |           |    |           |             |     |
    |           & Loops           | Type | Slack | (cycles)|    (ns)   |  Latency | Interval| Count | Pipelined|   BRAM    | DSP|     FF    |     LUT     | URAM|
    +-----------------------------+------+-------+---------+-----------+----------+---------+-------+----------+-----------+----+-----------+-------------+-----+
    |+ encoding*                  |     -|   0.00|        -|          -|         -|        -|      -|  dataflow|  311 (71%)|   -|  5395 (3%)|  14501 (20%)|    -|
    | + grp_lzw_compute_fu_154    |     -|  -1.02|        -|          -|         -|        -|      -|        no|  261 (60%)|   -|  1478 (1%)|   9087 (12%)|    -|
    |  + grp_hash_search_fu_7677  |     -|  -2.22|   917617|  6.121e+06|         -|   917617|      -|        no|          -|   -|  665 (~0%)|    1331 (1%)|    -|
    |   o Loop 1                  |     -|  -4.87|       14|     93.380|         1|        -|     14|        no|          -|   -|          -|            -|    -|
    |   o Loop 2                  |     -|  -4.87|       14|     93.380|         1|        -|     14|        no|          -|   -|          -|            -|    -|
    |   o LOOP_HASH_SEARCH1       |     -|  -4.87|   917578|  6.120e+06|     65541|        -|     14|        no|          -|   -|          -|            -|    -|
    |    o LOOP_HASH_SEARCH2      |     -|  -4.87|    65536|  4.371e+05|         2|        1|  65536|       yes|          -|   -|          -|            -|    -|
    |  + grp_hash_func_fu_7689    |     -|  -1.24|        -|          -|         -|        -|      -|        no|          -|   -|  217 (~0%)|    662 (~0%)|    -|
    |   o Loop 1                  |     -|  -4.87|       20|    133.400|         1|        -|     20|        no|          -|   -|          -|            -|    -|
    |   o LOOP_HASH_FUNC1         |     -|  -4.87|        -|          -|         2|        1|      -|       yes|          -|   -|          -|            -|    -|
    |  o Loop 1                   |     -|  -4.87|     8192|  5.464e+04|         1|        1|   8192|       yes|          -|   -|          -|            -|    -|
    |  o LOOP_MAIN                |     -|  -4.87|        -|          -|         -|        -|      -|        no|          -|   -|          -|            -|    -|
    |   o LOOP_CREATE_HASH        |    II|  -4.87|        -|          -|         2|        2|      -|       yes|          -|   -|          -|            -|    -|
    | + grp_store_fu_164          |     -|   0.00|        -|          -|         -|        -|      -|        no|          -|   -|  385 (~0%)|     963 (1%)|    -|
    |  o VITIS_LOOP_195_1         |     -|  -4.87|        -|          -|         3|        1|      -|       yes|          -|   -|          -|            -|    -|
    | + grp_load6_fu_176          |     -|   0.00|        -|          -|         -|        -|      -|        no|          -|   -|  254 (~0%)|     972 (1%)|    -|
    |  o VITIS_LOOP_205_1         |     -|  -4.87|        -|          -|         3|        1|      -|       yes|          -|   -|          -|            -|    -|
    +-----------------------------+------+-------+---------+-----------+----------+---------+-------+----------+-----------+----+-----------+-------------+-----+

